// Jest Snapshot v1, https://goo.gl/fbAQLP

exports[`Box component Should render correctly 1`] = `
<body>
  <div>
    <div
      class="sc-bczRLJ imWkNv boxComp"
    >
      <h1
        class="child-test"
      >
        Test
      </h1>
    </div>
  </div>
</body>
`;
