// Jest Snapshot v1, https://goo.gl/fbAQLP

exports[`Container component Should render correctly 1`] = `
<body>
  <div>
    <div
      class="containerComp MuiBox-root css-1cy5oc"
    >
      <h1
        class="child-test"
      >
        Test
      </h1>
    </div>
  </div>
</body>
`;
