// Jest Snapshot v1, https://goo.gl/fbAQLP

exports[`Card component Should render correctly 1`] = `
<body>
  <div>
    <div
      class="cardComp css-p1o44d"
    >
      <h1
        class="child-test"
      >
        Test
      </h1>
    </div>
  </div>
</body>
`;
