// Jest Snapshot v1, https://goo.gl/fbAQLP

exports[`Login page Should be render correctly 1`] = `
<body>
  <div>
    <div
      class="sc-bczRLJ jzOFOE"
      data-testid="dashboard-container"
    >
      <div
        class="cardComp css-p1o44d"
      >
        Você está logado!
      </div>
    </div>
  </div>
</body>
`;
