// Jest Snapshot v1, https://goo.gl/fbAQLP

exports[`App component Should render correctly 1`] = `
<body>
  <div>
    <div
      class="sc-eCYdqJ gvCfOl appComp"
      data-testid="appContainer"
    >
      <div
        class="sc-hKMtZM dkGWvO"
        data-testid="loginContainer"
      >
        <div
          class="sc-gsnTZi dfpLxU cardComp"
        >
          <input
            class="sc-dkzDqf jpsCuT inputComp"
            data-testid="username"
            name="username"
            placeholder="Email"
          />
          <input
            class="sc-dkzDqf jpsCuT inputComp"
            data-testid="password"
            name="password"
            placeholder="Senha"
            type="password"
          />
          <button
            class="sc-bczRLJ daPOd buttonComp"
            color="blue"
            data-testid="button-login"
            disabled=""
          >
            Entrar
          </button>
        </div>
      </div>
    </div>
  </div>
</body>
`;
